[22:32:48] [Test worker/INFO]: [AP] Loaded 13 packages and 62 stages.
[22:32:48] [Test worker/INFO]: [AP] Loaded 51 stage items, 59 give items.
[22:32:48] [Test worker/INFO]: [AP] Loaded 117 advancement locations.
[22:32:48] [Test worker/INFO]: [AP] Loaded 4 boss kill locations.
[22:32:49] [Test worker/INFO]: [AP] -> stage lookup result: minecraftarchipelago:items/bow
[22:32:49] [Test worker/INFO]: [AP] Loaded 13 packages and 62 stages.
[22:32:49] [Test worker/INFO]: [AP] Loaded 51 stage items, 59 give items.
[22:32:49] [Test worker/INFO]: [AP] Loaded 117 advancement locations.
[22:32:49] [Test worker/INFO]: [AP] Loaded 4 boss kill locations.
[22:32:49] [Test worker/INFO]: [AP] Loaded 13 packages and 62 stages.
[22:32:49] [Test worker/INFO]: [AP] Loaded 51 stage items, 59 give items.
[22:32:49] [Test worker/INFO]: [AP] Loaded 117 advancement locations.
[22:32:49] [Test worker/INFO]: [AP] Loaded 4 boss kill locations.
[22:32:49] [Test worker/INFO]: [AP] -> progressive item found
[22:32:49] [Test worker/INFO]: [AP] -> progressive item found
[22:32:49] [Test worker/INFO]: [AP] -> progressive item found
[22:32:49] [Test worker/INFO]: [AP] -> progressive item found
[22:32:49] [Test worker/INFO]: [AP] -> progressive item found
[22:32:49] [Test worker/INFO]: [AP] -> progressive item found
[22:32:49] [Test worker/INFO]: [AP] Loaded 13 packages and 62 stages.
[22:32:49] [Test worker/INFO]: [AP] Loaded 51 stage items, 59 give items.
[22:32:49] [Test worker/INFO]: [AP] Loaded 117 advancement locations.
[22:32:49] [Test worker/INFO]: [AP] Loaded 4 boss kill locations.
[22:32:49] [Test worker/INFO]: [AP] Resending 2 previously check locations.
[22:32:49] [Test worker/INFO]: [AP] Loaded 13 packages and 62 stages.
[22:32:49] [Test worker/INFO]: [AP] Loaded 51 stage items, 59 give items.
[22:32:49] [Test worker/INFO]: [AP] Loaded 117 advancement locations.
[22:32:49] [Test worker/INFO]: [AP] Loaded 4 boss kill locations.
